// Jest Snapshot v1, https://goo.gl/fbAQLP

exports[`Test Suite for Card.js Snapshot#1: Card renders as expected 1`] = `
<div
  className="Card"
>
  <button
    type="button"
  >
    delete
  </button>
  <h3 />
  <p />
</div>
`;
